-- should display an ERROR and not also crash the connected ES node
select * from so_posts where so_posts ==> '"';
ERROR:  failed to parse query: InvalidToken { location: 0 }
