CREATE TABLE issue355 (
   id serial8,
   name text,
   label phrase,
   description fulltext
);
CREATE INDEX idxissue355 ON issue355 USING zombodb(zdb('issue355', ctid), zdb(issue355)) WITH (field_lists='name=[name, label, description]', url='localhost:9200/');
SELECT * FROM zdb_tally('issue355', 'name', '^.*', '', 10, 'count');
 term | count 
------+-------
(0 rows)

DROP TABLE issue355;
