QueryTree
   Options
      id=<schema.table.idx>id
         LeftField (value=id)
         IndexName (value=schema.table.idx)
         RightField (value=id)
      id=<schema.table.idx>id
         LeftField (value=id)
         IndexName (value=schema.table.idx)
         RightField (value=id)
      id=<schema.table.idx>id
         LeftField (value=id)
         IndexName (value=schema.table.idx)
         RightField (value=id)
      other:(left=<schema.table.idx>right)
         LeftField (value=left)
         IndexName (value=schema.table.idx)
         RightField (value=right)
   ExtendedStats (fieldname=custodian, operator=CONTAINS)
   Tally (fieldname=subject, operator=CONTAINS)
      Phrase (value=^.*, ordered=true)
      Number (value=1000)
      Word (value=_term)
      SignificantTerms (fieldname=author, operator=CONTAINS)
         Phrase (value=^.*, ordered=true)
         Number (value=1000)
   Child (type=data)
      Or
         And
            Expansion
               null=<schema.table.idxname>null
               And
                  Nested (type=review_data)
                     And
                        Number (fieldname=state_id, operator=EQ, value=2239, index=schema.table.idxname)
                        Number (fieldname=set_tag_id, operator=EQ, value=82, index=schema.table.idxname)
                        NestedGroup (fieldname=review_data, operator=CONTAINS, index=schema.table.idxname)
                           Boolean (fieldname=review_data.foo, operator=CONTAINS, value=true, index=schema.table.idxname)
                  Array (fieldname=fulltext, operator=EQ, index=schema.table.idxname) (OR)
                     Word (fieldname=fulltext, operator=CONTAINS, value=beer, index=schema.table.idxname)
                  Or
                     Array (fieldname=fulltext_field, operator=CONTAINS, index=schema.table.idxname) (AND)
                        Word (fieldname=fulltext_field, operator=CONTAINS, value=meeting, index=schema.table.idxname)
                        Word (fieldname=fulltext_field, operator=CONTAINS, value=001, index=schema.table.idxname)
                        Number (fieldname=fulltext_field, operator=CONTAINS, value=123, index=schema.table.idxname)
                        Number (fieldname=fulltext_field, operator=CONTAINS, value=0, index=schema.table.idxname)
                        Word (fieldname=fulltext_field, operator=CONTAINS, value=000, index=schema.table.idxname)
                     Array (fieldname=_all, operator=CONTAINS, index=schema.table.idxname) (AND)
                        Word (fieldname=_all, operator=CONTAINS, value=meeting, index=schema.table.idxname)
                        Word (fieldname=_all, operator=CONTAINS, value=001, index=schema.table.idxname)
                        Number (fieldname=_all, operator=CONTAINS, value=123, index=schema.table.idxname)
                        Number (fieldname=_all, operator=CONTAINS, value=0, index=schema.table.idxname)
                        Word (fieldname=_all, operator=CONTAINS, value=000, index=schema.table.idxname)
                  Not
                     Or
                        Array (fieldname=fulltext_field, operator=CONTAINS, index=schema.table.idxname) (OR)
                           Word (fieldname=fulltext_field, operator=CONTAINS, value=staff, index=schema.table.idxname)
                           Word (fieldname=fulltext_field, operator=CONTAINS, value=cancelled, index=schema.table.idxname)
                           Word (fieldname=fulltext_field, operator=CONTAINS, value=risk, index=schema.table.idxname)
                        Array (fieldname=_all, operator=CONTAINS, index=schema.table.idxname) (OR)
                           Word (fieldname=_all, operator=CONTAINS, value=staff, index=schema.table.idxname)
                           Word (fieldname=_all, operator=CONTAINS, value=cancelled, index=schema.table.idxname)
                           Word (fieldname=_all, operator=CONTAINS, value=risk, index=schema.table.idxname)
                  NestedGroup (fieldname=long, operator=CONTAINS, index=schema.table.idxname)
                     Word (fieldname=long.dotted.field, operator=CONTAINS, value=foo, index=schema.table.idxname)
                  Or
                     Fuzzy (fieldname=fulltext_field, operator=CONTAINS, value=fuzzy, fuzz=32, index=schema.table.idxname)
                     Fuzzy (fieldname=_all, operator=CONTAINS, value=fuzzy, fuzz=32, index=schema.table.idxname)
                  Or
                     Word (fieldname=fulltext_field, operator=CONTAINS, value=1-2, index=schema.table.idxname)
                     Word (fieldname=_all, operator=CONTAINS, value=1-2, index=schema.table.idxname)
                  Array (fieldname=subject, operator=CONTAINS, index=schema.table.idxname) (OR)
                     Word (fieldname=subject, operator=CONTAINS, value=beer, index=schema.table.idxname)
                  Or
                     Prefix (fieldname=fulltext_field, operator=CONTAINS, value=prefix, index=schema.table.idxname)
                     Prefix (fieldname=_all, operator=CONTAINS, value=prefix, index=schema.table.idxname)
                  Or
                     Wildcard (fieldname=fulltext_field, operator=CONTAINS, value=*wildcard, index=schema.table.idxname)
                     Wildcard (fieldname=_all, operator=CONTAINS, value=*wildcard, index=schema.table.idxname)
                  Or
                     Wildcard (fieldname=fulltext_field, operator=CONTAINS, value=*wildcard2*, index=schema.table.idxname)
                     Wildcard (fieldname=_all, operator=CONTAINS, value=*wildcard2*, index=schema.table.idxname)
                  Or
                     Wildcard (fieldname=fulltext_field, operator=CONTAINS, value=*wild*card3*, index=schema.table.idxname)
                     Wildcard (fieldname=_all, operator=CONTAINS, value=*wild*card3*, index=schema.table.idxname)
                  Or
                     Wildcard (fieldname=fulltext_field, operator=CONTAINS, value=wild*card4, index=schema.table.idxname)
                     Wildcard (fieldname=_all, operator=CONTAINS, value=wild*card4, index=schema.table.idxname)
                  Or
                     Phrase (fieldname=fulltext_field, operator=CONTAINS, value=prefix* *wildcard *wildcard2* *wild*card3* wild*card4, ordered=true, index=schema.table.idxname)
                     Phrase (fieldname=_all, operator=CONTAINS, value=prefix* *wildcard *wildcard2* *wild*card3* wild*card4, ordered=true, index=schema.table.idxname)
                  Or
                     Number (fieldname=fulltext_field, operator=CONTAINS, value=0.23, index=schema.table.idxname)
                     Number (fieldname=_all, operator=CONTAINS, value=0.23, index=schema.table.idxname)
                  Phrase (fieldname=field, operator=REGEX, value=^.*, ordered=true, index=schema.table.idxname)
                  ArrayData (fieldname=subject, operator=CONTAINS, value=$0, index=schema.table.idxname)
                  Array (fieldname=fileextension, operator=EQ, index=schema.table.idxname) (AND)
                     Word (fieldname=fileextension, operator=EQ, value=pdf, index=schema.table.idxname)
                     Word (fieldname=fileextension, operator=EQ, value=pdf, index=schema.table.idxname)
                  Phrase (fieldname=custodian, operator=EQ, value=querty, v, ordered=true, index=schema.table.idxname)
                  Phrase (fieldname=recordtype, operator=EQ, value=email attachment, ordered=true, index=schema.table.idxname)
            Expansion
               left_field=<index.name>right_field
                  LeftField (value=left_field)
                  IndexName (value=index.name)
                  RightField (value=right_field)
               Expansion
                  null=<schema.table.idxname>null
                  And
                     Or
                        Array (fieldname=fulltext_field, operator=CONTAINS, index=schema.table.idxname) (AND)
                           Word (fieldname=fulltext_field, operator=CONTAINS, value=the, index=schema.table.idxname)
                           Word (fieldname=fulltext_field, operator=CONTAINS, value=subquery, index=schema.table.idxname)
                        Array (fieldname=_all, operator=CONTAINS, index=schema.table.idxname) (AND)
                           Word (fieldname=_all, operator=CONTAINS, value=the, index=schema.table.idxname)
                           Word (fieldname=_all, operator=CONTAINS, value=subquery, index=schema.table.idxname)
            Child (type=data)
               Expansion
                  null=<schema.table.idxname>null
                  Or
                     Array (fieldname=fulltext_field, operator=CONTAINS, index=schema.table.idxname) (AND)
                        Word (fieldname=fulltext_field, operator=CONTAINS, value=some, index=schema.table.idxname)
                        Word (fieldname=fulltext_field, operator=CONTAINS, value=query, index=schema.table.idxname)
                     Array (fieldname=_all, operator=CONTAINS, index=schema.table.idxname) (AND)
                        Word (fieldname=_all, operator=CONTAINS, value=some, index=schema.table.idxname)
                        Word (fieldname=_all, operator=CONTAINS, value=query, index=schema.table.idxname)
            Parent (type=xact)
               Array (fieldname=_all, operator=CONTAINS) (AND)
                  Word (fieldname=_all, operator=CONTAINS, value=other)
                  Word (fieldname=_all, operator=CONTAINS, value=query)
            Child (type=data)
            Script (value= doc['id'].value > 1024 )
         Expansion
            null=<schema.table.idxname>null
            Or
               And
                  ArrayData (fieldname=title, operator=CONTAINS, value=$1, index=schema.table.idxname)
                  Or
                     Phrase (fieldname=fulltext_field, operator=CONTAINS, value=this is a sloppy phrase~, distance=11, ordered=true, index=schema.table.idxname)
                     Phrase (fieldname=_all, operator=CONTAINS, value=this is a sloppy phrase~, distance=11, ordered=true, index=schema.table.idxname)
                  Or
                     Phrase (fieldname=fulltext_field, operator=CONTAINS, value=so is this, distance=42, ordered=true, index=schema.table.idxname)
                     Phrase (fieldname=_all, operator=CONTAINS, value=so is this, distance=42, ordered=true, index=schema.table.idxname)
                  NestedGroup (fieldname=review_data, operator=CONTAINS, index=schema.table.idxname)
                     And (index=schema.table.idxname)
                        Or (index=schema.table.idxname)
                           And (index=schema.table.idxname)
                              Word (fieldname=review_data.owner_username, operator=EQ, value=e_ridge, index=schema.table.idxname)
                              Array (fieldname=review_data.status_name, operator=CONTAINS, index=schema.table.idxname) (OR)
                                 Word (fieldname=review_data.status_name, operator=CONTAINS, value=review_updated, index=schema.table.idxname)
                                 Word (fieldname=review_data.status_name, operator=CONTAINS, value=review_checked_out, index=schema.table.idxname)
                           Word (fieldname=review_data.status_name, operator=CONTAINS, value=review_ready, index=schema.table.idxname)
                        Number (fieldname=review_data.project_id, operator=EQ, value=1040, index=schema.table.idxname)
                  Or
                     Phrase (fieldname=fulltext_field, operator=CONTAINS, value=this is an unordered sloppy phrase~, distance=11, index=schema.table.idxname)
                     Phrase (fieldname=_all, operator=CONTAINS, value=this is an unordered sloppy phrase~, distance=11, index=schema.table.idxname)
                  Null (fieldname=field, operator=CONTAINS, index=schema.table.idxname)
               And
                  Or
                     Fuzzy (fieldname=fulltext_field, operator=CONTAINS, value=fuzzy, fuzz=1, index=schema.table.idxname)
                     Fuzzy (fieldname=_all, operator=CONTAINS, value=fuzzy, fuzz=1, index=schema.table.idxname)
                  Or
                     Array (fieldname=fulltext_field, operator=CONTAINS, index=schema.table.idxname) (OR)
                        Number (fieldname=fulltext_field, operator=CONTAINS, value=1, index=schema.table.idxname)
                        Number (fieldname=fulltext_field, operator=CONTAINS, value=2, index=schema.table.idxname)
                        Number (fieldname=fulltext_field, operator=CONTAINS, value=3, index=schema.table.idxname)
                        Word (fieldname=fulltext_field, operator=CONTAINS, value=beer, index=schema.table.idxname)
                        Word (fieldname=fulltext_field, operator=CONTAINS, value=foo, index=schema.table.idxname)
                        Word (fieldname=fulltext_field, operator=CONTAINS, value=blah, index=schema.table.idxname)
                        Boolean (fieldname=fulltext_field, operator=CONTAINS, value=true, index=schema.table.idxname)
                        Number (fieldname=fulltext_field, operator=CONTAINS, value=123.99, index=schema.table.idxname)
                        Null (fieldname=fulltext_field, operator=CONTAINS, index=schema.table.idxname)
                     Array (fieldname=_all, operator=CONTAINS, index=schema.table.idxname) (OR)
                        Number (fieldname=_all, operator=CONTAINS, value=1, index=schema.table.idxname)
                        Number (fieldname=_all, operator=CONTAINS, value=2, index=schema.table.idxname)
                        Number (fieldname=_all, operator=CONTAINS, value=3, index=schema.table.idxname)
                        Word (fieldname=_all, operator=CONTAINS, value=beer, index=schema.table.idxname)
                        Word (fieldname=_all, operator=CONTAINS, value=foo, index=schema.table.idxname)
                        Word (fieldname=_all, operator=CONTAINS, value=blah, index=schema.table.idxname)
                        Boolean (fieldname=_all, operator=CONTAINS, value=true, index=schema.table.idxname)
                        Number (fieldname=_all, operator=CONTAINS, value=123.99, index=schema.table.idxname)
                        Null (fieldname=_all, operator=CONTAINS, index=schema.table.idxname)
               And
                  Wildcard (fieldname=field, operator=NE, value=http*\/\/www\.\*tcdi\.com\/, index=schema.table.idxname)
                  Fuzzy (fieldname=field, operator=CONTAINS, value=value, index=schema.table.idxname)
                  NestedGroup (fieldname=review_data, operator=CONTAINS, index=schema.table.idxname)
                     Word (fieldname=review_data.assigned_reviewers, operator=CONTAINS, value=e_ridge, index=schema.table.idxname)
                  Or
                     Range (fieldname=fulltext_field, operator=CONTAINS, index=schema.table.idxname)
                        Word (fieldname=fulltext_field, operator=CONTAINS, value=foo, index=schema.table.idxname)
                        Word (fieldname=fulltext_field, operator=CONTAINS, value=three, index=schema.table.idxname)
                     Range (fieldname=_all, operator=CONTAINS, index=schema.table.idxname)
                        Word (fieldname=_all, operator=CONTAINS, value=foo, index=schema.table.idxname)
                        Word (fieldname=_all, operator=CONTAINS, value=three, index=schema.table.idxname)
                  Or
                     Word (fieldname=fulltext_field, operator=CONTAINS, value=a\-b\-c\-d, index=schema.table.idxname)
                     Word (fieldname=_all, operator=CONTAINS, value=a\-b\-c\-d, index=schema.table.idxname)
                  Or
                     Array (fieldname=fulltext_field, operator=CONTAINS, index=schema.table.idxname) (AND)
                        Word (fieldname=fulltext_field, operator=CONTAINS, value=a\b\c\d, index=schema.table.idxname)
                        Word (fieldname=fulltext_field, operator=CONTAINS, value=to, index=schema.table.idxname)
                        Number (fieldname=fulltext_field, operator=CONTAINS, value=10, index=schema.table.idxname)
                        Word (fieldname=fulltext_field, operator=CONTAINS, value=a, index=schema.table.idxname)
                        Word (fieldname=fulltext_field, operator=CONTAINS, value=to, index=schema.table.idxname)
                        Word (fieldname=fulltext_field, operator=CONTAINS, value=z, index=schema.table.idxname)
                     Array (fieldname=_all, operator=CONTAINS, index=schema.table.idxname) (AND)
                        Word (fieldname=_all, operator=CONTAINS, value=a\b\c\d, index=schema.table.idxname)
                        Word (fieldname=_all, operator=CONTAINS, value=to, index=schema.table.idxname)
                        Number (fieldname=_all, operator=CONTAINS, value=10, index=schema.table.idxname)
                        Word (fieldname=_all, operator=CONTAINS, value=a, index=schema.table.idxname)
                        Word (fieldname=_all, operator=CONTAINS, value=to, index=schema.table.idxname)
                        Word (fieldname=_all, operator=CONTAINS, value=z, index=schema.table.idxname)
                  Or
                     Word (fieldname=fulltext_field, operator=CONTAINS, value=a\/b\/c\/d, index=schema.table.idxname)
                     Word (fieldname=_all, operator=CONTAINS, value=a\/b\/c\/d, index=schema.table.idxname)
                  Or
                     Word (fieldname=fulltext_field, operator=CONTAINS, value=http\:\/\/www\.tcdi\.com\/\?id\=42, index=schema.table.idxname)
                     Word (fieldname=_all, operator=CONTAINS, value=http\:\/\/www\.tcdi\.com\/\?id\=42, index=schema.table.idxname)
                  Number (fieldname=blah, operator=CONTAINS, value=1, index=schema.table.idxname)
                  Or
                     And
                        Prefix (fieldname=field1, operator=CONTAINS, value=word1, index=schema.table.idxname)
                        Prefix (fieldname=field1, operator=CONTAINS, value=word2, index=schema.table.idxname)
                        Wildcard (fieldname=field1, operator=CONTAINS, value=w*ld?card*, index=schema.table.idxname)
                        Prefix (fieldname=field2, operator=CONTAINS, value=wo, index=schema.table.idxname)
                        Word (fieldname=field1, operator=CONTAINS, value=rd3, index=schema.table.idxname)
                     And
                        Array (fieldname=field, operator=CONTAINS, index=schema.table.idxname) (AND)
                           Word (fieldname=field, operator=CONTAINS, value=drink, index=schema.table.idxname)
                           Word (fieldname=field, operator=CONTAINS, value=food, index=schema.table.idxname)
                        NestedGroup (fieldname=review_data, operator=CONTAINS, index=schema.table.idxname)
                           And (index=schema.table.idxname)
                              Array (fieldname=review_data.subject, operator=CONTAINS, index=schema.table.idxname) (OR)
                                 Word (fieldname=review_data.subject, operator=CONTAINS, value=wine, index=schema.table.idxname)
                                 Word (fieldname=review_data.subject, operator=CONTAINS, value=last, index=schema.table.idxname)
                                 Word (fieldname=review_data.subject, operator=CONTAINS, value=first, index=schema.table.idxname)
                                 Word (fieldname=review_data.subject, operator=CONTAINS, value=wine, index=schema.table.idxname)
                                 Word (fieldname=review_data.subject, operator=CONTAINS, value=cheese, index=schema.table.idxname)
                                 Word (fieldname=review_data.subject, operator=CONTAINS, value=food, index=schema.table.idxname)
                                 Word (fieldname=review_data.subject, operator=CONTAINS, value=foo, index=schema.table.idxname)
                                 Word (fieldname=review_data.subject, operator=CONTAINS, value=bar, index=schema.table.idxname)
                              Word (fieldname=review_data.review_set_name, operator=CONTAINS, value=zipper, index=schema.table.idxname)
                              Array (fieldname=review_data.subject, operator=CONTAINS, index=schema.table.idxname) (AND)
                                 Word (fieldname=review_data.subject, operator=CONTAINS, value=wine, index=schema.table.idxname)
                                 Word (fieldname=review_data.subject, operator=CONTAINS, value=last, index=schema.table.idxname)
                                 Word (fieldname=review_data.subject, operator=CONTAINS, value=first, index=schema.table.idxname)
                                 Word (fieldname=review_data.subject, operator=CONTAINS, value=wine, index=schema.table.idxname)
                                 Word (fieldname=review_data.subject, operator=CONTAINS, value=cheese, index=schema.table.idxname)
                                 Word (fieldname=review_data.subject, operator=CONTAINS, value=food, index=schema.table.idxname)
                                 Word (fieldname=review_data.subject, operator=CONTAINS, value=foo, index=schema.table.idxname)
                                 Word (fieldname=review_data.subject, operator=CONTAINS, value=bar, index=schema.table.idxname)
                     And
                        Or
                           NestedGroup (fieldname=review_data, operator=CONTAINS, index=schema.table.idxname)
                              Word (fieldname=review_data.review_set_name, operator=CONTAINS, value=food, index=schema.table.idxname)
                           Word (fieldname=field1, operator=CONTAINS, value=beer, index=schema.table.idxname)
                        Or
                           Array (fieldname=field1, operator=CONTAINS, index=schema.table.idxname) (OR)
                              Word (fieldname=field1, operator=CONTAINS, value=this, index=schema.table.idxname)
                              Word (fieldname=field1, operator=CONTAINS, value=merges, index=schema.table.idxname)
                              Word (fieldname=field1, operator=CONTAINS, value=arrays, index=schema.table.idxname)
                              Number (fieldname=field1, operator=CONTAINS, value=1, index=schema.table.idxname)
                              Number (fieldname=field1, operator=CONTAINS, value=2, index=schema.table.idxname)
                              Number (fieldname=field1, operator=CONTAINS, value=3, index=schema.table.idxname)
                              Word (fieldname=field1, operator=CONTAINS, value=x, index=schema.table.idxname)
                              Word (fieldname=field1, operator=CONTAINS, value=y, index=schema.table.idxname)
                              Word (fieldname=field1, operator=CONTAINS, value=z, index=schema.table.idxname)
                              Phrase (fieldname=field1, operator=CONTAINS, value=some phrase, ordered=true, index=schema.table.idxname)
                        Not
                           Wildcard (fieldname=field1, operator=CONTAINS, value=*gr*avy*, index=schema.table.idxname)
                        Array (fieldname=field3, operator=CONTAINS, index=schema.table.idxname) (AND)
                           Word (fieldname=field3, operator=CONTAINS, value=beer, boost=2.0, index=schema.table.idxname)
                           Word (fieldname=field3, operator=CONTAINS, value=wine, index=schema.table.idxname)
                  Or
                     And
                        Number (fieldname=_xmin, operator=EQ, value=42)
                        Number (fieldname=_cmin, operator=LT, value=42)
                        Or
                           Number (fieldname=_xmax, operator=EQ, value=0)
                           And
                              Number (fieldname=_xmax, operator=EQ, value=42)
                              Number (fieldname=_cmax, operator=GTE, value=42)
                     And
                        Boolean (fieldname=_xmin_is_committed, operator=EQ, value=true)
                        Or
                           Number (fieldname=_xmax, operator=EQ, value=0)
                           And
                              Number (fieldname=_xmax, operator=EQ, value=42)
                              Number (fieldname=_cmax, operator=GTE, value=42)
                           And
                              Number (fieldname=_xmax, operator=NE, value=42)
                              Boolean (fieldname=_xmax_is_committed, operator=EQ, value=false)
                  Proximity (fieldname=field, operator=CONTAINS, distance=123, index=schema.table.idxname)
                     Word (fieldname=field, operator=CONTAINS, value=a, index=schema.table.idxname)
                     Proximity (fieldname=field, operator=CONTAINS, distance=2, index=schema.table.idxname)
                        Word (fieldname=field, operator=CONTAINS, value=b, index=schema.table.idxname)
                        Word (fieldname=field, operator=CONTAINS, value=c, boost=2.0, index=schema.table.idxname)
                  Range (fieldname=id, operator=EQ, index=schema.table.idxname)
                     Word (value=one, index=schema.table.idxname)
                     Word (value=two, index=schema.table.idxname)