select e.id, event_type, zdb.score(u.ctid) <> 0 from events e, users u where e.user_id = u.id and event_type = 'IssueCommentEvent' and u ==> 'vicjoecs' order by zdb.score(u.ctid) desc, id;
   id   |    event_type     | ?column? 
--------+-------------------+----------
 122357 | IssueCommentEvent | t
 123707 | IssueCommentEvent | t
 123783 | IssueCommentEvent | t
(3 rows)

select sum(zdb.score(ctid)) > 0 from events where events ==> 'beer';
 ?column? 
----------
 t
(1 row)

select sum(zdb.score(ctid)) > 0, event_type from events where events ==> 'beer' group by event_type;
 ?column? |    event_type     
----------+-------------------
 t        | IssueCommentEvent
 t        | IssuesEvent
 t        | CreateEvent
 t        | ReleaseEvent
 t        | PushEvent
(5 rows)

