-- this should raise an error
SELECT zdb.count('events', 'beer');
ERROR:  'events' is not a ZomboDB index
