select jsonb_pretty(regexp_replace(zdb.visibility_clause(ARRAY[42]::bigint[], 99, 0, ARRAY[1,2,3,4,5]::bigint[], 'idxevents', 'doc')::text, '"index":".*?"', '"index":"xxx"', 'g')::jsonb);
                                                        jsonb_pretty                                                         
-----------------------------------------------------------------------------------------------------------------------------
 {                                                                                                                          +
     "bool": {                                                                                                              +
         "must": [                                                                                                          +
             {                                                                                                              +
                 "bool": {                                                                                                  +
                     "must_not": [                                                                                          +
                         {                                                                                                  +
                             "query_string": {                                                                              +
                                 "query": "_id:zdb_aborted_xids"                                                            +
                             }                                                                                              +
                         }                                                                                                  +
                     ]                                                                                                      +
                 }                                                                                                          +
             },                                                                                                             +
             {                                                                                                              +
                 "bool": {                                                                                                  +
                     "should": [                                                                                            +
                         {                                                                                                  +
                             "bool": {                                                                                      +
                                 "must": [                                                                                  +
                                     {                                                                                      +
                                         "terms": {                                                                         +
                                             "zdb_xmin": [                                                                  +
                                                 42                                                                         +
                                             ]                                                                              +
                                         }                                                                                  +
                                     },                                                                                     +
                                     {                                                                                      +
                                         "range": {                                                                         +
                                             "zdb_cmin": {                                                                  +
                                                 "lt": "0"                                                                  +
                                             }                                                                              +
                                         }                                                                                  +
                                     },                                                                                     +
                                     {                                                                                      +
                                         "bool": {                                                                          +
                                             "should": [                                                                    +
                                                 {                                                                          +
                                                     "bool": {                                                              +
                                                         "must_not": [                                                      +
                                                             {                                                              +
                                                                 "exists": {                                                +
                                                                     "field": "zdb_xmax"                                    +
                                                                 }                                                          +
                                                             }                                                              +
                                                         ]                                                                  +
                                                     }                                                                      +
                                                 },                                                                         +
                                                 {                                                                          +
                                                     "bool": {                                                              +
                                                         "must": [                                                          +
                                                             {                                                              +
                                                                 "terms": {                                                 +
                                                                     "zdb_xmax": [                                          +
                                                                         42                                                 +
                                                                     ]                                                      +
                                                                 }                                                          +
                                                             },                                                             +
                                                             {                                                              +
                                                                 "range": {                                                 +
                                                                     "zdb_cmax": {                                          +
                                                                         "gte": "0"                                         +
                                                                     }                                                      +
                                                                 }                                                          +
                                                             }                                                              +
                                                         ]                                                                  +
                                                     }                                                                      +
                                                 }                                                                          +
                                             ]                                                                              +
                                         }                                                                                  +
                                     }                                                                                      +
                                 ]                                                                                          +
                             }                                                                                              +
                         },                                                                                                 +
                         {                                                                                                  +
                             "bool": {                                                                                      +
                                 "must": [                                                                                  +
                                     {                                                                                      +
                                         "bool": {                                                                          +
                                             "must": [                                                                      +
                                                 {                                                                          +
                                                     "bool": {                                                              +
                                                         "must_not": [                                                      +
                                                             {                                                              +
                                                                 "terms": {                                                 +
                                                                     "zdb_xmin": {                                          +
                                                                         "id": "zdb_aborted_xids",                          +
                                                                         "path": "zdb_aborted_xids",                        +
                                                                         "type": "doc",                                     +
                                                                         "index": "xxx"                                     +
                                                                     }                                                      +
                                                                 }                                                          +
                                                             }                                                              +
                                                         ]                                                                  +
                                                     }                                                                      +
                                                 },                                                                         +
                                                 {                                                                          +
                                                     "bool": {                                                              +
                                                         "must_not": [                                                      +
                                                             {                                                              +
                                                                 "terms": {                                                 +
                                                                     "zdb_xmin": [                                          +
                                                                         1,                                                 +
                                                                         2,                                                 +
                                                                         3,                                                 +
                                                                         4,                                                 +
                                                                         5                                                  +
                                                                     ]                                                      +
                                                                 }                                                          +
                                                             }                                                              +
                                                         ]                                                                  +
                                                     }                                                                      +
                                                 },                                                                         +
                                                 {                                                                          +
                                                     "bool": {                                                              +
                                                         "must_not": [                                                      +
                                                             {                                                              +
                                                                 "range": {                                                 +
                                                                     "zdb_xmin": {                                          +
                                                                         "gte": "99"                                        +
                                                                     }                                                      +
                                                                 }                                                          +
                                                             }                                                              +
                                                         ]                                                                  +
                                                     }                                                                      +
                                                 },                                                                         +
                                                 {                                                                          +
                                                     "bool": {                                                              +
                                                         "should": [                                                        +
                                                             {                                                              +
                                                                 "bool": {                                                  +
                                                                     "must_not": [                                          +
                                                                         {                                                  +
                                                                             "exists": {                                    +
                                                                                 "field": "zdb_xmax"                        +
                                                                             }                                              +
                                                                         }                                                  +
                                                                     ]                                                      +
                                                                 }                                                          +
                                                             },                                                             +
                                                             {                                                              +
                                                                 "bool": {                                                  +
                                                                     "must": [                                              +
                                                                         {                                                  +
                                                                             "terms": {                                     +
                                                                                 "zdb_xmax": [                              +
                                                                                     42                                     +
                                                                                 ]                                          +
                                                                             }                                              +
                                                                         },                                                 +
                                                                         {                                                  +
                                                                             "range": {                                     +
                                                                                 "zdb_cmax": {                              +
                                                                                     "gte": "0"                             +
                                                                                 }                                          +
                                                                             }                                              +
                                                                         }                                                  +
                                                                     ]                                                      +
                                                                 }                                                          +
                                                             },                                                             +
                                                             {                                                              +
                                                                 "bool": {                                                  +
                                                                     "must": [                                              +
                                                                         {                                                  +
                                                                             "bool": {                                      +
                                                                                 "must_not": [                              +
                                                                                     {                                      +
                                                                                         "terms": {                         +
                                                                                             "zdb_xmax": [                  +
                                                                                                 42                         +
                                                                                             ]                              +
                                                                                         }                                  +
                                                                                     }                                      +
                                                                                 ]                                          +
                                                                             }                                              +
                                                                         },                                                 +
                                                                         {                                                  +
                                                                             "bool": {                                      +
                                                                                 "should": [                                +
                                                                                     {                                      +
                                                                                         "terms": {                         +
                                                                                             "zdb_xmax": {                  +
                                                                                                 "id": "zdb_aborted_xids",  +
                                                                                                 "path": "zdb_aborted_xids",+
                                                                                                 "type": "doc",             +
                                                                                                 "index": "xxx"             +
                                                                                             }                              +
                                                                                         }                                  +
                                                                                     },                                     +
                                                                                     {                                      +
                                                                                         "terms": {                         +
                                                                                             "zdb_xmax": [                  +
                                                                                                 1,                         +
                                                                                                 2,                         +
                                                                                                 3,                         +
                                                                                                 4,                         +
                                                                                                 5                          +
                                                                                             ]                              +
                                                                                         }                                  +
                                                                                     },                                     +
                                                                                     {                                      +
                                                                                         "range": {                         +
                                                                                             "zdb_xmax": {                  +
                                                                                                 "gte": "99"                +
                                                                                             }                              +
                                                                                         }                                  +
                                                                                     }                                      +
                                                                                 ]                                          +
                                                                             }                                              +
                                                                         }                                                  +
                                                                     ]                                                      +
                                                                 }                                                          +
                                                             }                                                              +
                                                         ]                                                                  +
                                                     }                                                                      +
                                                 }                                                                          +
                                             ]                                                                              +
                                         }                                                                                  +
                                     }                                                                                      +
                                 ]                                                                                          +
                             }                                                                                              +
                         }                                                                                                  +
                     ]                                                                                                      +
                 }                                                                                                          +
             }                                                                                                              +
         ]                                                                                                                  +
     }                                                                                                                      +
 }
(1 row)

