SELECT *
FROM zdb_tally('so_posts', 'title', '^A.*', '', 5000, 'term')
LIMIT 10;
   term   | count  
----------+--------
          | 129680
 A        |   9898
 A.APPEND |      1
 A.I      |      3
 A7       |      1
 AA       |      1
 AAC      |      1
 AARDVARK |      1
 AB       |      1
 ABALONE  |      1
(10 rows)

