CREATE SCHEMA test_schema;
CREATE TABLE test_schema.test_table (
  id    SERIAL8 PRIMARY KEY,
  title TEXT
);
CREATE INDEX idxtest_table ON test_schema.test_table USING zombodb(zdb(test_table), zdb_to_json(test_table)) WITH (url='http://localhost:9200/');
SELECT * FROM zdb_estimate_count('test_schema.test_table', 'beer');
 zdb_estimate_count 
--------------------
                  0
(1 row)

DROP SCHEMA test_schema CASCADE;
NOTICE:  drop cascades to table test_schema.test_table
