select zdb.dump_query('idxevents', 'Field: 1');
     dump_query      
---------------------
 {                  +
   "match": {       +
     "Field": {     +
       "query": "1",+
       "boost": 1.0 +
     }              +
   }                +
 }
(1 row)

select zdb.dump_query('idxevents', 'payload.Author: bob');
          dump_query          
------------------------------
 {                           +
   "nested": {               +
     "path": "payload",      +
     "query": {              +
       "match": {            +
         "payload.Author": { +
           "query": "bob",   +
           "boost": 1.0      +
         }                   +
       }                     +
     },                      +
     "score_mode": "avg",    +
     "ignore_unmapped": false+
   }                         +
 }
(1 row)

