create table issue624 (title text);
insert into issue624 select convert_from(decode('QXRlbGllcnMgZOKAmcOpY2hhbmdlIGV0IGRlIHByYXRpcXVlIHBvdXIgC2xlcyBtYW5hZ2VycyBvcMOpcmF0aW9ubmVscw==', 'base64'), 'UTF8');
select * from issue624;
                                 title                                 
-----------------------------------------------------------------------
 Ateliers d’échange et de pratique pour \x0Bles managers opérationnels
(1 row)

create index idxissue624 on issue624 using zombodb ((issue624.*));
select * from zdb.terms('issue624', 'title', '') order by term;
     term      | doc_count 
---------------+-----------
 ateliers      |         1
 de            |         1
 d’échange     |         1
 et            |         1
 les           |         1
 managers      |         1
 opérationnels |         1
 pour          |         1
 pratique      |         1
(9 rows)

drop table issue624;
