create table issue291 (id serial8 not null primary key, title text);
create index idxissue292 on issue291 using zombodb ((issue291.*));
insert into issue291 (title) values ('one');
insert into issue291 (title) values ('two');
insert into issue291 (title) values ('three');
insert into issue291 (title) values ('four');
insert into issue291 (title) values ('five');
insert into issue291 (title) values ('six');
insert into issue291 (title) values ('seven');
insert into issue291 (title) values ('eight');
insert into issue291 (title) values ('nine');
insert into issue291 (title) values ('ten');
select * from issue291 where issue291 ==> dsl.limit(5, dsl.match_all()) order by id limit 5;
 id | title 
----+-------
  3 | three
  4 | four
  5 | five
  7 | seven
  9 | nine
(5 rows)

update issue291 set id = id;
select * from issue291 where issue291 ==> dsl.limit(5, dsl.match_all()) order by id limit 5;
 id | title 
----+-------
  1 | one
  3 | three
  6 | six
  7 | seven
  9 | nine
(5 rows)

drop table issue291;
  select id, event_type
    from events
   where events ==> dsl.sort('id', 'asc', dsl.limit(10, 'beer')) or events ==> dsl.sort('id', 'asc', dsl.limit(25, 'wine'))
order by id;
   id   |    event_type     
--------+-------------------
    108 | PushEvent
   1405 | PushEvent
   3222 | PushEvent
   3722 | PushEvent
   6309 | PushEvent
  29273 | PushEvent
  34736 | CreateEvent
  41451 | PushEvent
  42175 | PushEvent
  42539 | IssueCommentEvent
  42540 | IssuesEvent
  48471 | IssueCommentEvent
  67151 | PushEvent
  75068 | PushEvent
  75874 | PushEvent
  96901 | PushEvent
 102968 | PushEvent
 106220 | IssuesEvent
 111156 | PushEvent
 119413 | IssueCommentEvent
 122648 | IssuesEvent
(21 rows)

