SELECT assert(count(*), 4, 'syntax-field_phrase') FROM so_posts WHERE so_posts ==> 'title:"function overloading"';
 assert 
--------
 t
(1 row)

