-- this should work
SELECT zdb.count('events', 'beer');
 count 
-------
    22
(1 row)

